------------------------------------------------------------
TimeQuest Timing Analyzer Summary
------------------------------------------------------------

Type  : Slow 1200mV 85C Model Setup 'mycounter2:inst5|counter2:inst|lpm_counter:LPM_COUNTER_component|cntr_4oh:auto_generated|counter_reg_bit[6]'
Slack : -2.311
TNS   : -184.846

Type  : Slow 1200mV 85C Model Setup 'clk_50'
Slack : -0.795
TNS   : -3.773

Type  : Slow 1200mV 85C Model Setup 'BUTTON2'
Slack : -0.215
TNS   : -0.215

Type  : Slow 1200mV 85C Model Hold 'clk_50'
Slack : -0.229
TNS   : -0.229

Type  : Slow 1200mV 85C Model Hold 'BUTTON2'
Slack : -0.173
TNS   : -0.173

Type  : Slow 1200mV 85C Model Hold 'mycounter2:inst5|counter2:inst|lpm_counter:LPM_COUNTER_component|cntr_4oh:auto_generated|counter_reg_bit[6]'
Slack : -0.044
TNS   : -0.044

Type  : Slow 1200mV 85C Model Minimum Pulse Width 'clk_50'
Slack : -3.000
TNS   : -10.000

Type  : Slow 1200mV 85C Model Minimum Pulse Width 'BUTTON2'
Slack : -3.000
TNS   : -4.000

Type  : Slow 1200mV 85C Model Minimum Pulse Width 'mycounter2:inst5|counter2:inst|lpm_counter:LPM_COUNTER_component|cntr_4oh:auto_generated|counter_reg_bit[6]'
Slack : -1.000
TNS   : -118.000

Type  : Slow 1200mV 0C Model Setup 'mycounter2:inst5|counter2:inst|lpm_counter:LPM_COUNTER_component|cntr_4oh:auto_generated|counter_reg_bit[6]'
Slack : -1.986
TNS   : -152.424

Type  : Slow 1200mV 0C Model Setup 'clk_50'
Slack : -0.587
TNS   : -2.619

Type  : Slow 1200mV 0C Model Setup 'BUTTON2'
Slack : -0.087
TNS   : -0.087

Type  : Slow 1200mV 0C Model Hold 'clk_50'
Slack : -0.208
TNS   : -0.208

Type  : Slow 1200mV 0C Model Hold 'BUTTON2'
Slack : -0.168
TNS   : -0.168

Type  : Slow 1200mV 0C Model Hold 'mycounter2:inst5|counter2:inst|lpm_counter:LPM_COUNTER_component|cntr_4oh:auto_generated|counter_reg_bit[6]'
Slack : 0.013
TNS   : 0.000

Type  : Slow 1200mV 0C Model Minimum Pulse Width 'clk_50'
Slack : -3.000
TNS   : -10.000

Type  : Slow 1200mV 0C Model Minimum Pulse Width 'BUTTON2'
Slack : -3.000
TNS   : -4.000

Type  : Slow 1200mV 0C Model Minimum Pulse Width 'mycounter2:inst5|counter2:inst|lpm_counter:LPM_COUNTER_component|cntr_4oh:auto_generated|counter_reg_bit[6]'
Slack : -1.000
TNS   : -118.000

Type  : Fast 1200mV 0C Model Setup 'mycounter2:inst5|counter2:inst|lpm_counter:LPM_COUNTER_component|cntr_4oh:auto_generated|counter_reg_bit[6]'
Slack : -0.877
TNS   : -55.038

Type  : Fast 1200mV 0C Model Setup 'clk_50'
Slack : -0.005
TNS   : -0.005

Type  : Fast 1200mV 0C Model Setup 'BUTTON2'
Slack : 0.370
TNS   : 0.000

Type  : Fast 1200mV 0C Model Hold 'clk_50'
Slack : -0.167
TNS   : -0.167

Type  : Fast 1200mV 0C Model Hold 'BUTTON2'
Slack : -0.115
TNS   : -0.115

Type  : Fast 1200mV 0C Model Hold 'mycounter2:inst5|counter2:inst|lpm_counter:LPM_COUNTER_component|cntr_4oh:auto_generated|counter_reg_bit[6]'
Slack : -0.101
TNS   : -0.101

Type  : Fast 1200mV 0C Model Minimum Pulse Width 'clk_50'
Slack : -3.000
TNS   : -10.392

Type  : Fast 1200mV 0C Model Minimum Pulse Width 'BUTTON2'
Slack : -3.000
TNS   : -4.097

Type  : Fast 1200mV 0C Model Minimum Pulse Width 'mycounter2:inst5|counter2:inst|lpm_counter:LPM_COUNTER_component|cntr_4oh:auto_generated|counter_reg_bit[6]'
Slack : -1.000
TNS   : -118.000

------------------------------------------------------------
