------------------------------------------------------------
TimeQuest Timing Analyzer Summary
------------------------------------------------------------

Type  : Slow 1200mV 85C Model Setup 'BUTTON1'
Slack : -1.919
TNS   : -58.330

Type  : Slow 1200mV 85C Model Setup 'BUTTON2'
Slack : -0.898
TNS   : -0.898

Type  : Slow 1200mV 85C Model Setup 'clk_50'
Slack : -0.121
TNS   : -0.121

Type  : Slow 1200mV 85C Model Hold 'BUTTON2'
Slack : -0.638
TNS   : -0.638

Type  : Slow 1200mV 85C Model Hold 'clk_50'
Slack : -0.166
TNS   : -0.166

Type  : Slow 1200mV 85C Model Hold 'BUTTON1'
Slack : 0.063
TNS   : 0.000

Type  : Slow 1200mV 85C Model Minimum Pulse Width 'BUTTON1'
Slack : -3.000
TNS   : -54.000

Type  : Slow 1200mV 85C Model Minimum Pulse Width 'BUTTON2'
Slack : -3.000
TNS   : -4.053

Type  : Slow 1200mV 85C Model Minimum Pulse Width 'clk_50'
Slack : -3.000
TNS   : -4.000

Type  : Slow 1200mV 0C Model Setup 'BUTTON1'
Slack : -1.547
TNS   : -46.388

Type  : Slow 1200mV 0C Model Setup 'BUTTON2'
Slack : -0.804
TNS   : -0.804

Type  : Slow 1200mV 0C Model Setup 'clk_50'
Slack : -0.015
TNS   : -0.015

Type  : Slow 1200mV 0C Model Hold 'BUTTON2'
Slack : -0.584
TNS   : -0.584

Type  : Slow 1200mV 0C Model Hold 'clk_50'
Slack : -0.159
TNS   : -0.159

Type  : Slow 1200mV 0C Model Hold 'BUTTON1'
Slack : -0.065
TNS   : -0.065

Type  : Slow 1200mV 0C Model Minimum Pulse Width 'BUTTON1'
Slack : -3.000
TNS   : -54.000

Type  : Slow 1200mV 0C Model Minimum Pulse Width 'BUTTON2'
Slack : -3.000
TNS   : -4.000

Type  : Slow 1200mV 0C Model Minimum Pulse Width 'clk_50'
Slack : -3.000
TNS   : -4.000

Type  : Fast 1200mV 0C Model Setup 'BUTTON1'
Slack : -0.684
TNS   : -11.901

Type  : Fast 1200mV 0C Model Setup 'clk_50'
Slack : -0.129
TNS   : -0.129

Type  : Fast 1200mV 0C Model Setup 'BUTTON2'
Slack : 0.012
TNS   : 0.000

Type  : Fast 1200mV 0C Model Hold 'BUTTON2'
Slack : -0.396
TNS   : -0.396

Type  : Fast 1200mV 0C Model Hold 'clk_50'
Slack : -0.196
TNS   : -0.196

Type  : Fast 1200mV 0C Model Hold 'BUTTON1'
Slack : 0.076
TNS   : 0.000

Type  : Fast 1200mV 0C Model Minimum Pulse Width 'BUTTON1'
Slack : -3.000
TNS   : -55.427

Type  : Fast 1200mV 0C Model Minimum Pulse Width 'BUTTON2'
Slack : -3.000
TNS   : -4.394

Type  : Fast 1200mV 0C Model Minimum Pulse Width 'clk_50'
Slack : -3.000
TNS   : -4.000

------------------------------------------------------------
